../input/bam/HUMuvjD320poolingDFAAPEI-10/HUMuvjD320poolingDFAAPEI-10_Index45_Index74.bam
../input/bam/HUMuvjD320poolingDFAAPEI-10/HUMuvjD320poolingDFAAPEI-10_Index45_Index76.bam
../input/bam/HUMuvjD320poolingDFAAPEI-10/HUMuvjD320poolingDFAAPEI-10_Index45_Index78.bam
../input/bam/HUMuvjD320poolingDFAAPEI-10/HUMuvjD320poolingDFAAPEI-10_Index58_Index36.bam
../input/bam/HUMuvjD320poolingDFAAPEI-10/HUMuvjD320poolingDFAAPEI-10_Index58_Index61.bam
../input/bam/HUMuvjD320poolingDFAAPEI-10/HUMuvjD320poolingDFAAPEI-10_Index83_Index50.bam
../input/bam/HUMuvjD320poolingDFAAPEI-10/HUMuvjD320poolingDFAAPEI-10_Index95_Index14.bam
../input/bam/HUMuvjD320poolingDFAAPEI-10/HUMuvjD320poolingDFAAPEI-10_Index95_Index26.bam
../input/bam/HUMuvjD320poolingDFAAPEI-10/HUMuvjD320poolingDFAAPEI-10_Index95_Index46.bam
../input/bam/HUMuvjD320poolingDFAAPEI-11/HUMuvjD320poolingDFAAPEI-11_Index34_Index65.bam
../input/bam/HUMuvjD320poolingDFAAPEI-11/HUMuvjD320poolingDFAAPEI-11_Index34_Index71.bam
../input/bam/HUMuvjD320poolingDFAAPEI-11/HUMuvjD320poolingDFAAPEI-11_Index47_Index40.bam
../input/bam/HUMuvjD320poolingDFAAPEI-11/HUMuvjD320poolingDFAAPEI-11_Index60_Index46.bam
../input/bam/HUMuvjD320poolingDFAAPEI-11/HUMuvjD320poolingDFAAPEI-11_Index73_Index72.bam
../input/bam/HUMuvjD320poolingDFAAPEI-11/HUMuvjD320poolingDFAAPEI-11_Index73_Index73.bam
../input/bam/HUMuvjD320poolingDFAAPEI-11/HUMuvjD320poolingDFAAPEI-11_Index73_Index74.bam
../input/bam/HUMuvjD320poolingDFAAPEI-11/HUMuvjD320poolingDFAAPEI-11_Index73_Index76.bam
../input/bam/HUMuvjD320poolingDFAAPEI-11/HUMuvjD320poolingDFAAPEI-11_Index73_Index77.bam
../input/bam/HUMuvjD320poolingDFAAPEI-11/HUMuvjD320poolingDFAAPEI-11_Index73_Index78.bam
../input/bam/HUMuvjD320poolingDFAAPEI-11/HUMuvjD320poolingDFAAPEI-11_Index73_Index79.bam
../input/bam/HUMuvjD320poolingDFAAPEI-11/HUMuvjD320poolingDFAAPEI-11_Index73_Index7.bam
../input/bam/HUMuvjD320poolingDFAAPEI-11/HUMuvjD320poolingDFAAPEI-11_Index85_Index15.bam
../input/bam/HUMuvjD320poolingDFAAPEI-11/HUMuvjD320poolingDFAAPEI-11_Index85_Index78.bam
../input/bam/HUMuvjD320poolingDFAAPEI-12/HUMuvjD320poolingDFAAPEI-12_Index12_Index40.bam
../input/bam/HUMuvjD320poolingDFAAPEI-12/HUMuvjD320poolingDFAAPEI-12_Index24_Index66.bam
../input/bam/HUMuvjD320poolingDFAAPEI-12/HUMuvjD320poolingDFAAPEI-12_Index24_Index79.bam
../input/bam/HUMuvjD320poolingDFAAPEI-12/HUMuvjD320poolingDFAAPEI-12_Index36_Index66.bam
../input/bam/HUMuvjD320poolingDFAAPEI-12/HUMuvjD320poolingDFAAPEI-12_Index75_Index56.bam
../input/bam/HUMuvjD320poolingDFAAPEI-12/HUMuvjD320poolingDFAAPEI-12_Index75_Index57.bam
../input/bam/HUMuvjD320poolingDFAAPEI-12/HUMuvjD320poolingDFAAPEI-12_Index75_Index58.bam
../input/bam/HUMuvjD320poolingDFAAPEI-12/HUMuvjD320poolingDFAAPEI-12_Index75_Index61.bam
../input/bam/HUMuvjD320poolingDFAAPEI-12/HUMuvjD320poolingDFAAPEI-12_Index75_Index63.bam
../input/bam/HUMuvjD320poolingDFAAPEI-12/HUMuvjD320poolingDFAAPEI-12_Index75_Index65.bam
../input/bam/HUMuvjD320poolingDFAAPEI-12/HUMuvjD320poolingDFAAPEI-12_Index75_Index6.bam
../input/bam/HUMuvjD320poolingDFAAPEI-13/HUMuvjD320poolingDFAAPEI-13_Index52_Index77.bam
../input/bam/HUMuvjD320poolingDFAAPEI-14/HUMuvjD320poolingDFAAPEI-14_Index54_Index12.bam
../input/bam/HUMuvjD320poolingDFAAPEI-14/HUMuvjD320poolingDFAAPEI-14_Index91_Index67.bam
